src/scenes/BattleScene.ts(10,49): error TS6133: 'BattleText' is declared but its value is never read.
src/scenes/BattleScene.ts(10,61): error TS6133: 'getRandomText' is declared but its value is never read.
src/scenes/WorldScene.ts(17,43): error TS6133: 'WorldDialogues' is declared but its value is never read.
src/scenes/WorldScene.ts(321,13): error TS6133: 'startObjectDialogue' is declared but its value is never read.
